<START>

//run

warning: Error disabling address space randomization: Operation not permitted
[Thread debugging using libthread_db enabled]
Using host libthread_db library "/lib/x86_64-linux-gnu/libthread_db.so.1".

Program received signal SIGSEGV, Segmentation fault.
0x00006120bf08d224 in parse_headers (text=0x7ffdf541fc30 "Host", h=0x7ffdf541fa20) at bug.c:52
52              *colon = '\0';  <<<  ?



AddressSanitizer:DEADLYSIGNAL  <<<<<<<<<<<<<<  
=================================================================
==6754==ERROR: AddressSanitizer: SEGV on unknown address 0x000000000000 (pc 0x5c4d196643f0 bp 0x7ffcfca4dcd0 sp 0x7ffcfca4dca0 T0)
==6754==The signal is caused by a WRITE memory access.
==6754==Hint: address points to the zero page.
    #0 0x5c4d196643f0 in parse_headers /workspaces/challenges/06_null_deref/bug.c:52
    #1 0x5c4d1966477a in main /workspaces/challenges/06_null_deref/bug.c:73
    #2 0x77dbfce131c9 in __libc_start_call_main ../sysdeps/nptl/libc_start_call_main.h:58
    #3 0x77dbfce1328a in __libc_start_main_impl ../csu/libc-start.c:360
    #4 0x5c4d19664244 in _start (/workspaces/challenges/06_null_deref/debug+0x1244) (BuildId: dd4665ac4b91d37cfe2f7937d7e7af2abed16fb6)

AddressSanitizer can not provide additional info.
SUMMARY: AddressSanitizer: SEGV /workspaces/challenges/06_null_deref/bug.c:52 in parse_headers
==6754==ABORTING


Segmentation fault (core dumped)
exit: 139



Program received signal SIGSEGV, Segmentation fault.
0x0000555555555224 in parse_headers (text=0x7fffffffe0f0 "Host", h=0x7fffffffdee0) at challenges/06_null_deref/bug.c:52
warning: Source file is more recent than executable.
52          for (char *line = strtok(text, "\n"); line != NULL; line = strtok(NULL, "\n")) {


52,55 의 \n -> \0   ,
\0->\n으로 변경.