==24018==ERROR: AddressSanitizer: stack-use-after-return on address 0x73314d8000a0 at pc 0x62d292f0d82e bp 0x7ffc0ded6ae0 sp 0x7ffc0ded6ad0
READ of size 8 at 0x73314d8000a0 thread T0
    #0 0x62d292f0d82d in main /work/challenges/07_stack_use_after_return/bug.c:87
    #1 0x73314fa441c9  (/lib/x86_64-linux-gnu/libc.so.6+0x2a1c9) (BuildId: a4a7992a8e66555c8141ab2a08a8465ff6e0ea65)
    #2 0x73314fa4428a in __libc_start_main (/lib/x86_64-linux-gnu/libc.so.6+0x2a28a) (BuildId: a4a7992a8e66555c8141ab2a08a8465ff6e0ea65)
    #3 0x62d292f0d224 in _start (/work/challenges/07_stack_use_after_return/debug+0x1224) (BuildId: 7a62e0730c9d9ec8674712965329d3a54fe9b585)

Address 0x73314d8000a0 is located in stack of thread T0 at offset 32 in frame
    #0 0x62d292f0d37b in split_lines /work/challenges/07_stack_use_after_return/bug.c:55

  This frame has 1 object(s):
    [32, 96) 'parts' (line 56) <== Memory access at offset 32 is inside this variable
HINT: this may be a false positive if your program uses some custom stack unwind mechanism, swapcontext or vfork
      (longjmp and C++ exceptions *are* supported)
SUMMARY: AddressSanitizer: stack-use-after-return /work/challenges/07_stack_use_after_return/bug.c:87 in main
Shadow bytes around the buggy address:
  0x73314d7ffe00: 00 00 00 00 00 00 00 00 00 00 00 00 00 00 00 00
  0x73314d7ffe80: 00 00 00 00 00 00 00 00 00 00 00 00 00 00 00 00
  0x73314d7fff00: 00 00 00 00 00 00 00 00 00 00 00 00 00 00 00 00
  0x73314d7fff80: 00 00 00 00 00 00 00 00 00 00 00 00 00 00 00 00
  0x73314d800000: f1 f1 f1 f1 00 00 f2 f2 00 00 01 f3 f3 f3 f3 f3
=>0x73314d800080: f5 f5 f5 f5[f5]f5 f5 f5 f5 f5 f5 f5 f5 f5 f5 f5
  0x73314d800100: f5 f5 f5 f5 f5 f5 f5 f5 f5 f5 f5 f5 f5 f5 f5 f5
  0x73314d800180: 00 00 00 00 00 00 00 00 00 00 00 00 00 00 00 00
  0x73314d800200: 00 00 00 00 00 00 00 00 00 00 00 00 00 00 00 00
  0x73314d800280: 00 00 00 00 00 00 00 00 00 00 00 00 00 00 00 00
  0x73314d800300: 00 00 00 00 00 00 00 00 00 00 00 00 00 00 00 00
Shadow byte legend (one shadow byte represents 8 application bytes):
  Addressable:           00
  Partially addressable: 01 02 03 04 05 06 07 
  Heap left redzone:       fa
  Freed heap region:       fd
  Stack left redzone:      f1
  Stack mid redzone:       f2
  Stack right redzone:     f3
  Stack after return:      f5
  Stack use after scope:   f8
  Global redzone:          f9
  Global init order:       f6
  Poisoned by user:        f7
  Container overflow:      fc
  Array cookie:            ac
  Intra object redzone:    bb
  ASan internal:           fe
  Left alloca redzone:     ca
  Right alloca redzone:    cb
==24018==ABORTING


[Thread debugging using libthread_db enabled]
Using host libthread_db library "/lib/x86_64-linux-gnu/libthread_db.so.1".

Program received signal SIGSEGV, Segmentation fault.
main () at bug.c:87
87              checksum += (unsigned char)v.lines[i][0];
checksum += (signed char)v.lines[i][0];



#0  main () at bug.c:87


Breakpoint 1 at 0x5555555552c9: file bug.c, line 78.

#0  main () at bug.c:78


//83 번에 있던 warm_stack();를 88 로 옮김. next 밑.


==36461==ERROR: AddressSanitizer: stack-use-after-return on address 0x746ac20000a0 at pc 0x6101b0dd6824 bp 0x7ffcccf507d0 sp 0x7ffcccf507c0
READ of size 8 at 0x746ac20000a0 thread T0
    #0 0x6101b0dd6823 in main /work/challenges/07_stack_use_after_return/bug.c:87
    #1 0x746ac41491c9  (/lib/x86_64-linux-gnu/libc.so.6+0x2a1c9) (BuildId: a4a7992a8e66555c8141ab2a08a8465ff6e0ea65)
    #2 0x746ac414928a in __libc_start_main (/lib/x86_64-linux-gnu/libc.so.6+0x2a28a) (BuildId: a4a7992a8e66555c8141ab2a08a8465ff6e0ea65)
    #3 0x6101b0dd6224 in _start (/work/challenges/07_stack_use_after_return/debug+0x1224) (BuildId: a6f10be786ab41567ab414e3b311e7b318d2721d)

Address 0x746ac20000a0 is located in stack of thread T0 at offset 32 in frame
    #0 0x6101b0dd637b in split_lines /work/challenges/07_stack_use_after_return/bug.c:55

  This frame has 1 object(s):
    [32, 96) 'parts' (line 56) <== Memory access at offset 32 is inside this variable
HINT: this may be a false positive if your program uses some custom stack unwind mechanism, swapcontext or vfork
      (longjmp and C++ exceptions *are* supported)
SUMMARY: AddressSanitizer: stack-use-after-return /work/challenges/07_stack_use_after_return/bug.c:87 in main
Shadow bytes around the buggy address:
  0x746ac1fffe00: 00 00 00 00 00 00 00 00 00 00 00 00 00 00 00 00
  0x746ac1fffe80: 00 00 00 00 00 00 00 00 00 00 00 00 00 00 00 00
  0x746ac1ffff00: 00 00 00 00 00 00 00 00 00 00 00 00 00 00 00 00
  0x746ac1ffff80: 00 00 00 00 00 00 00 00 00 00 00 00 00 00 00 00
  0x746ac2000000: f1 f1 f1 f1 00 00 f2 f2 00 00 01 f3 f3 f3 f3 f3
=>0x746ac2000080: f5 f5 f5 f5[f5]f5 f5 f5 f5 f5 f5 f5 f5 f5 f5 f5
  0x746ac2000100: 00 00 00 00 00 00 00 00 00 00 00 00 00 00 00 00
  0x746ac2000180: 00 00 00 00 00 00 00 00 00 00 00 00 00 00 00 00
  0x746ac2000200: 00 00 00 00 00 00 00 00 00 00 00 00 00 00 00 00
  0x746ac2000280: 00 00 00 00 00 00 00 00 00 00 00 00 00 00 00 00
  0x746ac2000300: 00 00 00 00 00 00 00 00 00 00 00 00 00 00 00 00
Shadow byte legend (one shadow byte represents 8 application bytes):
  Addressable:           00
  Partially addressable: 01 02 03 04 05 06 07 
  Heap left redzone:       fa
  Freed heap region:       fd
  Stack left redzone:      f1
  Stack mid redzone:       f2
  Stack right redzone:     f3
  Stack after return:      f5
  Stack use after scope:   f8
  Global redzone:          f9
  Global init order:       f6
  Poisoned by user:        f7
  Container overflow:      fc
  Array cookie:            ac
  Intra object redzone:    bb
  ASan internal:           fe
  Left alloca redzone:     ca
  Right alloca redzone:    cb
==36461==ABORTING











